// Jest Snapshot v1, https://goo.gl/fbAQLP

exports[`<Protected /> Protected - content hidden (default) 1`] = `
<span
  title="Protected content, click to reveal"
>
  <svg
    aria-hidden="true"
    className="svg-inline--fa fa-lock fa-w-14 icon-fixed-width icon-clickable"
    data-icon="lock"
    data-prefix="fas"
    focusable="false"
    onClick={[Function]}
    role="img"
    style={Object {}}
    viewBox="0 0 448 512"
    xmlns="http://www.w3.org/2000/svg"
  >
    <path
      d="M400 224h-24v-72C376 68.2 307.8 0 224 0S72 68.2 72 152v72H48c-26.5 0-48 21.5-48 48v192c0 26.5 21.5 48 48 48h352c26.5 0 48-21.5 48-48V272c0-26.5-21.5-48-48-48zm-104 0H152v-72c0-39.7 32.3-72 72-72s72 32.3 72 72v72z"
      fill="currentColor"
      style={Object {}}
    />
  </svg>
</span>
`;
